echo "2023-12-25T14:30:00Z - System start
2023-12-25T14:35:00+03:00 - User login
2023-12-25T15:45:00.123Z - Data processed
INVALID: 2023-12-25T25:30:00Z
ANOTHER INVALID: 2023-13-25T14:30:00Z
2024-01-15T08:20:00Z - Backup completed
2024-01-15T09:15:00-05:00 - Maintenance"